2025-03-10 22:26:49,288 INFO: Начало работы главной функции (main)
2025-03-10 22:26:49,429 INFO: Начало работы функции (for_each_card)
2025-03-10 22:26:49,429 INFO: Перебор транзакций
2025-03-10 22:26:49,429 INFO: Завершение работы функции (for_each_card)
2025-03-10 22:26:49,429 INFO: Начало работы функции (for_each_card)
2025-03-10 22:26:49,429 INFO: Перебор транзакций
2025-03-10 22:26:49,445 INFO: Завершение работы функции (for_each_card)
2025-03-10 22:26:49,445 INFO: Начало работы функции (top_five_transaction)
2025-03-10 22:26:49,445 INFO: Перебор транзакций в функции (top_five_transaction)
2025-03-10 22:26:49,460 INFO: Окончание работы функции (top_five_transaction)
2025-03-10 22:26:49,460 INFO: Начало работы функции (top_five_transaction)
2025-03-10 22:26:49,460 INFO: Перебор транзакций в функции (top_five_transaction)
2025-03-10 22:26:49,460 INFO: Окончание работы функции (top_five_transaction)
2025-03-10 22:26:49,460 INFO: Начало работы функции (currency_rates)
2025-03-10 22:26:50,054 INFO: Создание списка словарей для функции - currency_rates
2025-03-10 22:26:50,054 INFO: Окончание работы функции - currency_rates
2025-03-10 22:26:50,054 INFO: Начало работы функции (get_price_stock)
2025-03-10 22:26:50,054 INFO: Функция обрабатывает данные транзакций.
2025-03-10 22:26:50,054 INFO: Перебор акций в списке 'stocks' в функции (get_price_stock)
2025-03-10 22:26:50,054 INFO: Функция get_price_stock успешно завершила свою работу
